// Jest Snapshot v1, https://goo.gl/fbAQLP

exports[`App renders correctly 1`] = `
<BrowserRouter>
  <div
    className="app"
  >
    <Switch>
      <Route
        component={[Function]}
      />
    </Switch>
  </div>
</BrowserRouter>
`;
